2026-09-22 14:39:29.338 | INFO     | engines.ml_predict:<module>:53 - [ML] Loaded baseline model from baseline_model.pkl (version: baseline_lexical_v1)
2026-09-22 14:39:29.416 | INFO     | engines.ml_predict:<module>:78 - [ML] Loaded deep CNN model from deep_model.onnx (version: deep_cnn_v1)
2026-09-22 14:39:29.416 | INFO     | routers.scan:<module>:29 - [ML] Loaded fusion meta-model
INFO:     Started server process [67336]
INFO:     Waiting for application startup.
INFO:     Application startup complete.
INFO:     Uvicorn running on http://127.0.0.1:8000 (Press CTRL+C to quit)
2026-09-22 14:39:46.973 | INFO     | routers.scan:create_scan:63 - ━━━ Scan started for: https://www.google.com/ ━━━
2026-09-22 14:39:52.395 | INFO     | engines.lexical:analyze_lexical:213 - [Lexical] Starting analysis for: https://www.google.com/
2026-09-22 14:39:52.395 | INFO     | engines.lexical:analyze_lexical:239 - [Lexical] Completed in 0.5ms — score: 0.0
2026-09-22 14:39:52.396 | INFO     | engines.ml_predict:predict_ml:105 - [ML-RF] Starting prediction…
2026-09-22 14:39:52.464 | INFO     | engines.ml_predict:predict_ml:133 - [ML-RF] Completed in 68.7ms — legitimate (conf: 87.65%, score: 12.4)
2026-09-22 14:39:52.465 | INFO     | engines.ml_predict:predict_deep:151 - [ML-CNN] Starting prediction…
2026-09-22 14:39:52.468 | INFO     | engines.ml_predict:predict_deep:175 - [ML-CNN] Completed in 3.7ms — legitimate (conf: 98.97%, score: 1.0)
2026-09-22 14:39:52.468 | INFO     | engines.ml_predict:ensemble_ml_predictions:208 - [ML-Ensemble] Models AGREE: legitimate (RF: 12.4, CNN: 1.0 → avg: 6.7)
2026-09-22 14:39:52.469 | INFO     | routers.scan:create_scan:123 - [Scan] Launching Domain Intel + Behavior in parallel…
2026-09-22 14:39:52.469 | INFO     | engines.domain_intel:analyze_domain:174 - [Domain Intel] Starting analysis for: https://www.google.com/
2026-09-22 14:39:52.469 | INFO     | engines.behavior:analyze_behavior:93 - [Behavior] Starting analysis for: https://www.google.com/
2026-09-22 14:39:54.611 | INFO     | engines.domain_intel:analyze_domain:190 - [Domain Intel] Completed in 2.1s — score: 10.0
2026-09-22 14:39:55.299 | INFO     | engines.behavior:analyze_behavior:179 - [Behavior] Completed in 2.8s — score: 0.0
2026-09-22 14:39:55.334 | INFO     | routers.scan:create_scan:132 - [Scan] Parallel engines finished in 2.9s
2026-09-22 14:39:57.823 | INFO     | routers.scan:create_scan:199 - ━━━ Scan completed in 10.9s for: https://www.google.com/ ━━━
INFO:     127.0.0.1:61771 - "POST /scan HTTP/1.1" 200 OK
2026-09-22 14:39:57.835 | INFO     | routers.scan:create_scan:63 - ━━━ Scan started for: http://mybank-login-secure.com/ ━━━
2026-09-22 14:40:00.265 | INFO     | engines.lexical:analyze_lexical:213 - [Lexical] Starting analysis for: http://mybank-login-secure.com/
2026-09-22 14:40:00.265 | INFO     | engines.lexical:analyze_lexical:239 - [Lexical] Completed in 0.9ms — score: 20.8
2026-09-22 14:40:00.266 | INFO     | engines.ml_predict:predict_ml:105 - [ML-RF] Starting prediction…
2026-09-22 14:40:00.334 | INFO     | engines.ml_predict:predict_ml:133 - [ML-RF] Completed in 68.5ms — phishing (conf: 79.03%, score: 79.0)
2026-09-22 14:40:00.334 | INFO     | engines.ml_predict:predict_deep:151 - [ML-CNN] Starting prediction…
2026-09-22 14:40:00.335 | INFO     | engines.ml_predict:predict_deep:175 - [ML-CNN] Completed in 0.6ms — phishing (conf: 95.05%, score: 95.1)
2026-09-22 14:40:00.335 | INFO     | engines.ml_predict:ensemble_ml_predictions:208 - [ML-Ensemble] Models AGREE: phishing (RF: 79.0, CNN: 95.1 → avg: 87.0)
2026-09-22 14:40:00.335 | INFO     | routers.scan:create_scan:123 - [Scan] Launching Domain Intel + Behavior in parallel…
2026-09-22 14:40:00.335 | INFO     | engines.behavior:analyze_behavior:93 - [Behavior] Starting analysis for: http://mybank-login-secure.com/
2026-09-22 14:40:00.336 | INFO     | engines.domain_intel:analyze_domain:174 - [Domain Intel] Starting analysis for: http://mybank-login-secure.com/
2026-09-22 14:40:00.704 | WARNING  | engines.behavior:analyze_behavior:193 - [Behavior] Failed after 0.4s — reason: Page.goto: net::ERR_NAME_NOT_RESOLVED at http://mybank-login-secure.com/
Call log:
  - navigating to "http://mybank-login-secure.com/", waiting until "domcontentloaded"

2026-09-22 14:40:01.386 | WARNING  | engines.domain_intel:_whois_lookup:64 - [Domain Intel] WHOIS lookup failed for mybank-login-secure.com: No match for "MYBANK-LOGIN-SECURE.COM".
>>> Last update of whois database: 2026-09-22T09:09:49Z <<<

NOTICE: The expiration date displayed in this record is the date the
registrar's sponsorship of the domain name registration in the registry is
currently set to expire. This date does not necessarily reflect the expiration
date of the domain name registrant's agreement with the sponsoring
registrar.  Users may consult the sponsoring registrar's Whois database to
view the registrar's reported date of expiration for this registration.

TERMS OF USE: You are not authorized to access or query our Whois
database through the use of electronic processes that are high-volume and
automated except as reasonably necessary to register domain names or
modify existing registrations; the Data in VeriSign Global Registry
Services' ("VeriSign") Whois database is provided by VeriSign for
information purposes only, and to assist persons in obtaining information
about or related to a domain name registration record. VeriSign does not
guarantee its accuracy. By submitting a Whois query, you agree to abide
by the following terms of use: You agree that you may use this Data only
for lawful purposes and that under no circumstances will you use this Data
to: (1) allow, enable, or otherwise support the transmission of mass
unsolicited, commercial advertising or solicitations via e-mail, telephone,
or facsimile; or (2) enable high volume, automated, electronic processes
that apply to VeriSign (or its computer systems). The compilation,
repackaging, dissemination or other use of this Data is expressly
prohibited without the prior written consent of VeriSign. You agree not to
use electronic processes that are automated and high-volume to access or
query the Whois database except as reasonably necessary to register
domain names or modify existing registrations. VeriSign reserves the right
to restrict your access to the Whois database in its sole discretion to ensure
operational stability.  VeriSign may restrict or terminate your access to the
Whois database for failure to abide by these terms of use. VeriSign
reserves the right to modify these terms at any time.

The Registry database contains ONLY .COM, .NET, .EDU domains and
Registrars.

2026-09-22 14:40:01.417 | WARNING  | engines.domain_intel:_ssl_check:91 - [Domain Intel] SSL check failed for mybank-login-secure.com: [Errno 8] nodename nor servname provided, or not known
2026-09-22 14:40:01.464 | INFO     | engines.domain_intel:analyze_domain:190 - [Domain Intel] Completed in 1.1s — score: 55.0
2026-09-22 14:40:01.465 | INFO     | routers.scan:create_scan:132 - [Scan] Parallel engines finished in 1.1s
2026-09-22 14:40:03.970 | INFO     | routers.scan:create_scan:199 - ━━━ Scan completed in 6.1s for: http://mybank-login-secure.com/ ━━━
INFO:     127.0.0.1:61786 - "POST /scan HTTP/1.1" 200 OK
2026-09-22 14:40:03.976 | INFO     | routers.scan:create_scan:63 - ━━━ Scan started for: https://xn--pple-43d.com/ ━━━
2026-09-22 14:40:04.564 | INFO     | engines.lexical:analyze_lexical:213 - [Lexical] Starting analysis for: https://xn--pple-43d.com/
2026-09-22 14:40:04.564 | INFO     | engines.lexical:analyze_lexical:239 - [Lexical] Completed in 0.7ms — score: 31.0
2026-09-22 14:40:04.565 | INFO     | engines.ml_predict:predict_ml:105 - [ML-RF] Starting prediction…
2026-09-22 14:40:04.635 | INFO     | engines.ml_predict:predict_ml:133 - [ML-RF] Completed in 69.8ms — phishing (conf: 50.86%, score: 50.9)
2026-09-22 14:40:04.635 | INFO     | engines.ml_predict:predict_deep:151 - [ML-CNN] Starting prediction…
2026-09-22 14:40:04.635 | INFO     | engines.ml_predict:predict_deep:175 - [ML-CNN] Completed in 0.4ms — legitimate (conf: 89.52%, score: 10.5)
2026-09-22 14:40:04.635 | WARNING  | engines.ml_predict:ensemble_ml_predictions:216 - [ML-Ensemble] Models DISAGREE — RF: phishing (50.9), CNN: legitimate (10.5) → weighted ensemble: legitimate (22.6)  [CNN weighted 0.7]
2026-09-22 14:40:04.635 | INFO     | routers.scan:create_scan:123 - [Scan] Launching Domain Intel + Behavior in parallel…
2026-09-22 14:40:04.636 | INFO     | engines.domain_intel:analyze_domain:174 - [Domain Intel] Starting analysis for: https://xn--pple-43d.com/
2026-09-22 14:40:04.636 | INFO     | engines.behavior:analyze_behavior:93 - [Behavior] Starting analysis for: https://xn--pple-43d.com/
2026-09-22 14:40:04.996 | WARNING  | engines.behavior:analyze_behavior:193 - [Behavior] Failed after 0.4s — reason: Page.goto: net::ERR_NAME_NOT_RESOLVED at https://xn--pple-43d.com/
Call log:
  - navigating to "https://xn--pple-43d.com/", waiting until "domcontentloaded"

2026-09-22 14:40:05.779 | WARNING  | engines.domain_intel:_whois_lookup:64 - [Domain Intel] WHOIS lookup failed for xn--pple-43d.com: No match for "XN--PPLE-43D.COM".
>>> Last update of whois database: 2026-09-22T09:09:49Z <<<

NOTICE: The expiration date displayed in this record is the date the
registrar's sponsorship of the domain name registration in the registry is
currently set to expire. This date does not necessarily reflect the expiration
date of the domain name registrant's agreement with the sponsoring
registrar.  Users may consult the sponsoring registrar's Whois database to
view the registrar's reported date of expiration for this registration.

TERMS OF USE: You are not authorized to access or query our Whois
database through the use of electronic processes that are high-volume and
automated except as reasonably necessary to register domain names or
modify existing registrations; the Data in VeriSign Global Registry
Services' ("VeriSign") Whois database is provided by VeriSign for
information purposes only, and to assist persons in obtaining information
about or related to a domain name registration record. VeriSign does not
guarantee its accuracy. By submitting a Whois query, you agree to abide
by the following terms of use: You agree that you may use this Data only
for lawful purposes and that under no circumstances will you use this Data
to: (1) allow, enable, or otherwise support the transmission of mass
unsolicited, commercial advertising or solicitations via e-mail, telephone,
or facsimile; or (2) enable high volume, automated, electronic processes
that apply to VeriSign (or its computer systems). The compilation,
repackaging, dissemination or other use of this Data is expressly
prohibited without the prior written consent of VeriSign. You agree not to
use electronic processes that are automated and high-volume to access or
query the Whois database except as reasonably necessary to register
domain names or modify existing registrations. VeriSign reserves the right
to restrict your access to the Whois database in its sole discretion to ensure
operational stability.  VeriSign may restrict or terminate your access to the
Whois database for failure to abide by these terms of use. VeriSign
reserves the right to modify these terms at any time.

The Registry database contains ONLY .COM, .NET, .EDU domains and
Registrars.

2026-09-22 14:40:05.813 | WARNING  | engines.domain_intel:_ssl_check:91 - [Domain Intel] SSL check failed for xn--pple-43d.com: [Errno 8] nodename nor servname provided, or not known
2026-09-22 14:40:05.849 | INFO     | engines.domain_intel:analyze_domain:190 - [Domain Intel] Completed in 1.2s — score: 55.0
2026-09-22 14:40:05.850 | INFO     | routers.scan:create_scan:132 - [Scan] Parallel engines finished in 1.2s
2026-09-22 14:40:08.455 | INFO     | routers.scan:create_scan:199 - ━━━ Scan completed in 4.5s for: https://xn--pple-43d.com/ ━━━
INFO:     127.0.0.1:61790 - "POST /scan HTTP/1.1" 200 OK
INFO:     Shutting down
INFO:     Waiting for application shutdown.
INFO:     Application shutdown complete.
INFO:     Finished server process [67336]
